#
# There is insufficient memory for the Java Runtime Environment to continue.
# Native memory allocation (malloc) failed to allocate 364160 bytes. Error detail: Chunk::new
# Possible reasons:
#   The system is out of physical RAM or swap space
#   This process is running with CompressedOops enabled, and the Java Heap may be blocking the growth of the native heap
# Possible solutions:
#   Reduce memory load on the system
#   Increase physical memory or swap space
#   Check if swap backing store is full
#   Decrease Java heap size (-Xmx/-Xms)
#   Decrease number of Java threads
#   Decrease Java thread stack sizes (-Xss)
#   Set larger code cache with -XX:ReservedCodeCacheSize=
#   JVM is running with Unscaled Compressed Oops mode in which the Java heap is
#     placed in the first 4GB address space. The Java Heap base address is the
#     maximum limit for the native heap growth. Please use -XX:HeapBaseMinAddress
#     to set the Java Heap base and to place the Java Heap above 4GB virtual address.
# This output file may be truncated or incomplete.
#
#  Out of Memory Error (arena.cpp:168), pid=3984, tid=49592
#
# JRE version: OpenJDK Runtime Environment Microsoft-12574459 (21.0.9+10) (build 21.0.9+10-LTS)
# Java VM: OpenJDK 64-Bit Server VM Microsoft-12574459 (21.0.9+10-LTS, mixed mode, sharing, tiered, compressed oops, compressed class ptrs, g1 gc, windows-amd64)
# No core dump will be written. Minidumps are not enabled by default on client versions of Windows
#

---------------  S U M M A R Y ------------

Command Line: -javaagent:C:\Users\User\AppData\Local\JetBrains\IdeaIC2025.2\captureAgent\debugger-agent.jar=file:///C:/Users/User/AppData/Local/Temp/capture11544713106332687356.props -ea -Dallure.results.directory=D:\MedChronUIAutomation\target/allure-results -Xmx2g -XX:MaxMetaspaceSize=512m -Didea.test.cyclic.buffer.size=1048576 -javaagent:C:\Program Files\JetBrains\IntelliJ IDEA Community Edition 2025.2.6.1\lib\idea_rt.jar=57258 -Dkotlinx.coroutines.debug.enable.creation.stack.trace=false -Ddebugger.agent.enable.coroutines=true -Dkotlinx.coroutines.debug.enable.flows.stack.trace=true -Dkotlinx.coroutines.debug.enable.mutable.state.flows.stack.trace=true -Dfile.encoding=UTF-8 -Dsun.stdout.encoding=UTF-8 -Dsun.stderr.encoding=UTF-8 com.intellij.rt.testng.RemoteTestNGStarter -usedefaultlisteners false -socket57257 @w@C:\Users\User\AppData\Local\Temp\idea_working_dirs_testng6.tmp -temp C:\Users\User\AppData\Local\Temp\idea_testng7.tmp

Host: Intel(R) Core(TM) 5 120U, 12 cores, 15G,  Windows 11 , 64 bit Build 26100 (10.0.26100.8246)
Time: Fri May  1 18:38:39 2026 India Standard Time elapsed time: 28.464435 seconds (0d 0h 0m 28s)

---------------  T H R E A D  ---------------

Current thread (0x000002049b089f90):  JavaThread "C2 CompilerThread0" daemon [_thread_in_native, id=49592, stack(0x0000004e7ae00000,0x0000004e7af00000) (1024K)]


Current CompileTask:
C2:28464 2991       4       org.openqa.selenium.json.JsonInput::readString (106 bytes)

Stack: [0x0000004e7ae00000,0x0000004e7af00000]
Native frames: (J=compiled Java code, j=interpreted, Vv=VM code, C=native code)
V  [jvm.dll+0x6df259]  (no source info available)
V  [jvm.dll+0x8bfe4b]  (no source info available)
V  [jvm.dll+0x8c23da]  (no source info available)
V  [jvm.dll+0x8c2ab3]  (no source info available)
V  [jvm.dll+0x28a416]  (no source info available)
V  [jvm.dll+0xc903d]  (no source info available)
V  [jvm.dll+0xc958c]  (no source info available)
V  [jvm.dll+0x3c7cfc]  (no source info available)
V  [jvm.dll+0x394452]  (no source info available)
V  [jvm.dll+0x3938aa]  (no source info available)
V  [jvm.dll+0x2520a0]  (no source info available)
V  [jvm.dll+0x2516c3]  (no source info available)
V  [jvm.dll+0x1d18cf]  (no source info available)
V  [jvm.dll+0x26138a]  (no source info available)
V  [jvm.dll+0x25f6f5]  (no source info available)
V  [jvm.dll+0x401aad]  (no source info available)
V  [jvm.dll+0x869f7d]  (no source info available)
V  [jvm.dll+0x6e080d]  (no source info available)
C  [ucrtbase.dll+0x37b0]  (no source info available)
C  [KERNEL32.DLL+0x2e8d7]  (no source info available)
C  [ntdll.dll+0x8c3fc]  (no source info available)


---------------  P R O C E S S  ---------------

Threads class SMR info:
_java_thread_list=0x00000204a148d450, length=31, elements={
0x00000204c4aa0170, 0x00000204e3619080, 0x00000204e361bbe0, 0x00000204e3620040,
0x00000204e36256e0, 0x00000204e3625d70, 0x00000204e3624330, 0x000002049b089f90,
0x000002049b093950, 0x00000204e3622f80, 0x00000204e3626400, 0x00000204e3623610,
0x00000204e3623ca0, 0x000002049b9460d0, 0x000002049b946760, 0x000002049b946df0,
0x000002049b947b10, 0x000002049b947480, 0x000002049b944690, 0x000002049b948830,
0x000002049b948ec0, 0x000002049b949550, 0x000002049b949be0, 0x000002049b94a270,
0x00000204e3625050, 0x00000204a18e1480, 0x00000204a18e00d0, 0x00000204a18ded20,
0x00000204a18e0df0, 0x00000204a18dfa40, 0x00000204a18e0760
}

Java Threads: ( => current thread )
  0x00000204c4aa0170 JavaThread "main"                              [_thread_blocked, id=21548, stack(0x0000004e7a000000,0x0000004e7a100000) (1024K)]
  0x00000204e3619080 JavaThread "Reference Handler"          daemon [_thread_blocked, id=7148, stack(0x0000004e7a800000,0x0000004e7a900000) (1024K)]
  0x00000204e361bbe0 JavaThread "Finalizer"                  daemon [_thread_blocked, id=41148, stack(0x0000004e7a900000,0x0000004e7aa00000) (1024K)]
  0x00000204e3620040 JavaThread "Signal Dispatcher"          daemon [_thread_blocked, id=36664, stack(0x0000004e7aa00000,0x0000004e7ab00000) (1024K)]
  0x00000204e36256e0 JavaThread "Attach Listener"            daemon [_thread_blocked, id=27456, stack(0x0000004e7ab00000,0x0000004e7ac00000) (1024K)]
  0x00000204e3625d70 JavaThread "Service Thread"             daemon [_thread_blocked, id=17888, stack(0x0000004e7ac00000,0x0000004e7ad00000) (1024K)]
  0x00000204e3624330 JavaThread "Monitor Deflation Thread"   daemon [_thread_blocked, id=48632, stack(0x0000004e7ad00000,0x0000004e7ae00000) (1024K)]
=>0x000002049b089f90 JavaThread "C2 CompilerThread0"         daemon [_thread_in_native, id=49592, stack(0x0000004e7ae00000,0x0000004e7af00000) (1024K)]
  0x000002049b093950 JavaThread "C1 CompilerThread0"         daemon [_thread_blocked, id=29000, stack(0x0000004e7af00000,0x0000004e7b000000) (1024K)]
  0x00000204e3622f80 JavaThread "Common-Cleaner"             daemon [_thread_blocked, id=29896, stack(0x0000004e7b100000,0x0000004e7b200000) (1024K)]
  0x00000204e3626400 JavaThread "IntelliJ Suspend Helper"    daemon [_thread_blocked, id=35452, stack(0x0000004e7b200000,0x0000004e7b300000) (1024K)]
  0x00000204e3623610 JavaThread "Monitor Ctrl-Break"         daemon [_thread_in_native, id=42000, stack(0x0000004e7b300000,0x0000004e7b400000) (1024K)]
  0x00000204e3623ca0 JavaThread "Notification Thread"        daemon [_thread_blocked, id=7324, stack(0x0000004e7b400000,0x0000004e7b500000) (1024K)]
  0x000002049b9460d0 JavaThread "ForkJoinPool.commonPool-worker-1" daemon [_thread_blocked, id=42460, stack(0x0000004e7bb00000,0x0000004e7bc00000) (1024K)]
  0x000002049b946760 JavaThread "ForkJoinPool.commonPool-worker-2" daemon [_thread_blocked, id=27128, stack(0x0000004e7bc00000,0x0000004e7bd00000) (1024K)]
  0x000002049b946df0 JavaThread "ForkJoinPool.commonPool-worker-3" daemon [_thread_blocked, id=38484, stack(0x0000004e7bd00000,0x0000004e7be00000) (1024K)]
  0x000002049b947b10 JavaThread "ForkJoinPool.commonPool-worker-4" daemon [_thread_blocked, id=1608, stack(0x0000004e7be00000,0x0000004e7bf00000) (1024K)]
  0x000002049b947480 JavaThread "ForkJoinPool.commonPool-worker-5" daemon [_thread_blocked, id=29332, stack(0x0000004e7bf00000,0x0000004e7c000000) (1024K)]
  0x000002049b944690 JavaThread "ForkJoinPool.commonPool-worker-6" daemon [_thread_blocked, id=24848, stack(0x0000004e7c000000,0x0000004e7c100000) (1024K)]
  0x000002049b948830 JavaThread "HttpClient-1-SelectorManager" daemon [_thread_in_native, id=39128, stack(0x0000004e7c600000,0x0000004e7c700000) (1024K)]
  0x000002049b948ec0 JavaThread "External Process Output Forwarder - C:\Users\User\.cache\selenium\chromedriver\win64\147.0.7727.117\chromedriver.exe" daemon [_thread_in_native, id=35764, stack(0x0000004e7c700000,0x0000004e7c800000) (1024K)]
  0x000002049b949550 JavaThread "Driver Service Executor"    daemon [_thread_blocked, id=45628, stack(0x0000004e7b000000,0x0000004e7b100000) (1024K)]
  0x000002049b949be0 JavaThread "Driver Service Executor"    daemon [_thread_blocked, id=44552, stack(0x0000004e7c800000,0x0000004e7c900000) (1024K)]
  0x000002049b94a270 JavaThread "UrlChecker-2"               daemon [_thread_blocked, id=22756, stack(0x0000004e7c900000,0x0000004e7ca00000) (1024K)]
  0x00000204e3625050 JavaThread "JdkHttpClient-0-0"          daemon [_thread_blocked, id=40876, stack(0x0000004e7cc00000,0x0000004e7cd00000) (1024K)]
  0x00000204a18e1480 JavaThread "JdkHttpClient-0-1"          daemon [_thread_blocked, id=43140, stack(0x0000004e7cd00000,0x0000004e7ce00000) (1024K)]
  0x00000204a18e00d0 JavaThread "JdkHttpClient-0-2"          daemon [_thread_blocked, id=47544, stack(0x0000004e7ce00000,0x0000004e7cf00000) (1024K)]
  0x00000204a18ded20 JavaThread "HttpClient-2-SelectorManager" daemon [_thread_in_native, id=22680, stack(0x0000004e7cf00000,0x0000004e7d000000) (1024K)]
  0x00000204a18e0df0 JavaThread "JdkHttpClient-1-0"          daemon [_thread_blocked, id=32788, stack(0x0000004e7d000000,0x0000004e7d100000) (1024K)]
  0x00000204a18dfa40 JavaThread "JdkHttpClient-1-1"          daemon [_thread_blocked, id=37880, stack(0x0000004e7d100000,0x0000004e7d200000) (1024K)]
  0x00000204a18e0760 JavaThread "JdkHttpClient-1-2"          daemon [_thread_blocked, id=15192, stack(0x0000004e7d200000,0x0000004e7d300000) (1024K)]
Total: 31

Other Threads:
  0x00000204e36009b0 VMThread "VM Thread"                           [id=11068, stack(0x0000004e7a700000,0x0000004e7a800000) (1024K)]
  0x000002049b0809d0 WatcherThread "VM Periodic Task Thread"        [id=14808, stack(0x0000004e7a600000,0x0000004e7a700000) (1024K)]
  0x00000204c7043730 WorkerThread "GC Thread#0"                     [id=30172, stack(0x0000004e7a100000,0x0000004e7a200000) (1024K)]
  0x00000204a08899f0 WorkerThread "GC Thread#1"                     [id=22064, stack(0x0000004e7b500000,0x0000004e7b600000) (1024K)]
  0x00000204a08404a0 WorkerThread "GC Thread#2"                     [id=50076, stack(0x0000004e7b600000,0x0000004e7b700000) (1024K)]
  0x00000204a0840840 WorkerThread "GC Thread#3"                     [id=22548, stack(0x0000004e7b700000,0x0000004e7b800000) (1024K)]
  0x00000204a0881270 WorkerThread "GC Thread#4"                     [id=39036, stack(0x0000004e7b800000,0x0000004e7b900000) (1024K)]
  0x00000204a0881610 WorkerThread "GC Thread#5"                     [id=52056, stack(0x0000004e7b900000,0x0000004e7ba00000) (1024K)]
  0x00000204a0880050 WorkerThread "GC Thread#6"                     [id=21280, stack(0x0000004e7ba00000,0x0000004e7bb00000) (1024K)]
  0x00000204a0d1dcf0 WorkerThread "GC Thread#7"                     [id=14784, stack(0x0000004e7c100000,0x0000004e7c200000) (1024K)]
  0x00000204a0d1bc50 WorkerThread "GC Thread#8"                     [id=49984, stack(0x0000004e7c200000,0x0000004e7c300000) (1024K)]
  0x00000204a0d1b8b0 WorkerThread "GC Thread#9"                     [id=53128, stack(0x0000004e7c300000,0x0000004e7c400000) (1024K)]
  0x00000204c7093010 ConcurrentGCThread "G1 Main Marker"            [id=48972, stack(0x0000004e7a200000,0x0000004e7a300000) (1024K)]
  0x00000204c70941c0 WorkerThread "G1 Conc#0"                       [id=40912, stack(0x0000004e7a300000,0x0000004e7a400000) (1024K)]
  0x00000204a0d1d5b0 WorkerThread "G1 Conc#1"                       [id=19896, stack(0x0000004e7c400000,0x0000004e7c500000) (1024K)]
  0x00000204a0d1c730 WorkerThread "G1 Conc#2"                       [id=50384, stack(0x0000004e7c500000,0x0000004e7c600000) (1024K)]
  0x00000204e3540e10 ConcurrentGCThread "G1 Refine#0"               [id=28300, stack(0x0000004e7a400000,0x0000004e7a500000) (1024K)]
  0x00000204e3541790 ConcurrentGCThread "G1 Service"                [id=21852, stack(0x0000004e7a500000,0x0000004e7a600000) (1024K)]
Total: 18

Threads with active compile tasks:
C2 CompilerThread0  28551 2991       4       org.openqa.selenium.json.JsonInput::readString (106 bytes)
Total: 1

VM state: not at safepoint (normal execution)

VM Mutex/Monitor currently owned by a thread: None

Heap address: 0x0000000080000000, size: 2048 MB, Compressed Oops mode: 32-bit

CDS archive(s) mapped at: [0x0000020480000000-0x0000020480c80000-0x0000020480c80000), size 13107200, SharedBaseAddress: 0x0000020480000000, ArchiveRelocationMode: 1.
Compressed class space mapped at: 0x0000020481000000-0x000002049b000000, reserved size: 436207616
Narrow klass base: 0x0000020480000000, Narrow klass shift: 0, Narrow klass range: 0x100000000

GC Precious Log:
 CardTable entry size: 512
 Card Set container configuration: InlinePtr #cards 5 size 8 Array Of Cards #cards 12 size 40 Howl #buckets 4 coarsen threshold 1843 Howl Bitmap #cards 512 size 80 coarsen threshold 460 Card regions per heap region 1 cards per card region 2048
 CPUs: 12 total, 12 available
 Memory: 16068M
 Large Page Support: Disabled
 NUMA Support: Disabled
 Compressed Oops: Enabled (32-bit)
 Heap Region Size: 1M
 Heap Min Capacity: 8M
 Heap Initial Capacity: 252M
 Heap Max Capacity: 2G
 Pre-touch: Disabled
 Parallel Workers: 10
 Concurrent Workers: 3
 Concurrent Refinement Workers: 10
 Periodic GC: Disabled

Heap:
 garbage-first heap   total 36864K, used 15546K [0x0000000080000000, 0x0000000100000000)
  region size 1024K, 12 young (12288K), 6 survivors (6144K)
 Metaspace       used 25869K, committed 26368K, reserved 491520K
  class space    used 2948K, committed 3200K, reserved 425984K

Heap Regions: E=young(eden), S=young(survivor), O=old, HS=humongous(starts), HC=humongous(continues), CS=collection set, F=free, TAMS=top-at-mark-start, PB=parsable bottom
|   0|0x0000000080000000, 0x0000000080100000, 0x0000000080100000|100%| O|  |TAMS 0x0000000080000000| PB 0x0000000080000000| Untracked 
|   1|0x0000000080100000, 0x0000000080200000, 0x0000000080200000|100%| O|  |TAMS 0x0000000080100000| PB 0x0000000080100000| Untracked 
|   2|0x0000000080200000, 0x0000000080300000, 0x0000000080300000|100%| O|  |TAMS 0x0000000080200000| PB 0x0000000080200000| Untracked 
|   3|0x0000000080300000, 0x0000000080400000, 0x0000000080400000|100%| O|  |TAMS 0x0000000080300000| PB 0x0000000080300000| Untracked 
|   4|0x0000000080400000, 0x00000000804597f8, 0x0000000080500000| 34%| O|Cm|TAMS 0x0000000080400000| PB 0x0000000080400000| Complete 
|   5|0x0000000080500000, 0x0000000080500000, 0x0000000080600000|  0%| F|  |TAMS 0x0000000080500000| PB 0x0000000080500000| Untracked 
|   6|0x0000000080600000, 0x0000000080600000, 0x0000000080700000|  0%| F|  |TAMS 0x0000000080600000| PB 0x0000000080600000| Untracked 
|   7|0x0000000080700000, 0x0000000080700000, 0x0000000080800000|  0%| F|  |TAMS 0x0000000080700000| PB 0x0000000080700000| Untracked 
|   8|0x0000000080800000, 0x0000000080800000, 0x0000000080900000|  0%| F|  |TAMS 0x0000000080800000| PB 0x0000000080800000| Untracked 
|   9|0x0000000080900000, 0x0000000080900000, 0x0000000080a00000|  0%| F|  |TAMS 0x0000000080900000| PB 0x0000000080900000| Untracked 
|  10|0x0000000080a00000, 0x0000000080a00000, 0x0000000080b00000|  0%| F|  |TAMS 0x0000000080a00000| PB 0x0000000080a00000| Untracked 
|  11|0x0000000080b00000, 0x0000000080b00000, 0x0000000080c00000|  0%| F|  |TAMS 0x0000000080b00000| PB 0x0000000080b00000| Untracked 
|  12|0x0000000080c00000, 0x0000000080c00000, 0x0000000080d00000|  0%| F|  |TAMS 0x0000000080c00000| PB 0x0000000080c00000| Untracked 
|  13|0x0000000080d00000, 0x0000000080d00000, 0x0000000080e00000|  0%| F|  |TAMS 0x0000000080d00000| PB 0x0000000080d00000| Untracked 
|  14|0x0000000080e00000, 0x0000000080e00000, 0x0000000080f00000|  0%| F|  |TAMS 0x0000000080e00000| PB 0x0000000080e00000| Untracked 
|  15|0x0000000080f00000, 0x0000000080f00000, 0x0000000081000000|  0%| F|  |TAMS 0x0000000080f00000| PB 0x0000000080f00000| Untracked 
|  16|0x0000000081000000, 0x0000000081000000, 0x0000000081100000|  0%| F|  |TAMS 0x0000000081000000| PB 0x0000000081000000| Untracked 
|  17|0x0000000081100000, 0x0000000081100000, 0x0000000081200000|  0%| F|  |TAMS 0x0000000081100000| PB 0x0000000081100000| Untracked 
|  18|0x0000000081200000, 0x0000000081200000, 0x0000000081300000|  0%| F|  |TAMS 0x0000000081200000| PB 0x0000000081200000| Untracked 
|  19|0x0000000081300000, 0x0000000081300000, 0x0000000081400000|  0%| F|  |TAMS 0x0000000081300000| PB 0x0000000081300000| Untracked 
|  20|0x0000000081400000, 0x0000000081400000, 0x0000000081500000|  0%| F|  |TAMS 0x0000000081400000| PB 0x0000000081400000| Untracked 
|  21|0x0000000081500000, 0x0000000081500000, 0x0000000081600000|  0%| F|  |TAMS 0x0000000081500000| PB 0x0000000081500000| Untracked 
|  22|0x0000000081600000, 0x0000000081600000, 0x0000000081700000|  0%| F|  |TAMS 0x0000000081600000| PB 0x0000000081600000| Untracked 
|  23|0x0000000081700000, 0x0000000081700000, 0x0000000081800000|  0%| F|  |TAMS 0x0000000081700000| PB 0x0000000081700000| Untracked 
|  24|0x0000000081800000, 0x0000000081900000, 0x0000000081900000|100%| E|  |TAMS 0x0000000081800000| PB 0x0000000081800000| Complete 
|  25|0x0000000081900000, 0x0000000081a00000, 0x0000000081a00000|100%| S|CS|TAMS 0x0000000081900000| PB 0x0000000081900000| Complete 
|  26|0x0000000081a00000, 0x0000000081b00000, 0x0000000081b00000|100%| S|CS|TAMS 0x0000000081a00000| PB 0x0000000081a00000| Complete 
|  27|0x0000000081b00000, 0x0000000081c00000, 0x0000000081c00000|100%| S|CS|TAMS 0x0000000081b00000| PB 0x0000000081b00000| Complete 
|  28|0x0000000081c00000, 0x0000000081d00000, 0x0000000081d00000|100%| S|CS|TAMS 0x0000000081c00000| PB 0x0000000081c00000| Complete 
|  29|0x0000000081d00000, 0x0000000081e00000, 0x0000000081e00000|100%| S|CS|TAMS 0x0000000081d00000| PB 0x0000000081d00000| Complete 
|  30|0x0000000081e00000, 0x0000000081ed51d8, 0x0000000081f00000| 83%| S|CS|TAMS 0x0000000081e00000| PB 0x0000000081e00000| Complete 
| 234|0x000000008ea00000, 0x000000008eb00000, 0x000000008eb00000|100%| E|CS|TAMS 0x000000008ea00000| PB 0x000000008ea00000| Complete 
| 235|0x000000008eb00000, 0x000000008ec00000, 0x000000008ec00000|100%| E|CS|TAMS 0x000000008eb00000| PB 0x000000008eb00000| Complete 
| 236|0x000000008ec00000, 0x000000008ed00000, 0x000000008ed00000|100%| E|CS|TAMS 0x000000008ec00000| PB 0x000000008ec00000| Complete 
| 237|0x000000008ed00000, 0x000000008ee00000, 0x000000008ee00000|100%| E|CS|TAMS 0x000000008ed00000| PB 0x000000008ed00000| Complete 
| 251|0x000000008fb00000, 0x000000008fc00000, 0x000000008fc00000|100%| E|CS|TAMS 0x000000008fb00000| PB 0x000000008fb00000| Complete 

Card table byte_map: [0x00000204df040000,0x00000204df440000] _byte_map_base: 0x00000204dec40000

Marking Bits: (CMBitMap*) 0x00000204c7043d40
 Bits: [0x00000204df440000, 0x00000204e1440000)

Polling page: 0x00000204c4d80000

Metaspace:

Usage:
  Non-class:     22.38 MB used.
      Class:      2.88 MB used.
       Both:     25.26 MB used.

Virtual space:
  Non-class space:       64.00 MB reserved,      22.62 MB ( 35%) committed,  1 nodes.
      Class space:      416.00 MB reserved,       3.12 MB ( <1%) committed,  1 nodes.
             Both:      480.00 MB reserved,      25.75 MB (  5%) committed. 

Chunk freelists:
   Non-Class:  9.25 MB
       Class:  12.78 MB
        Both:  22.03 MB

MaxMetaspaceSize: 512.00 MB
CompressedClassSpaceSize: 416.00 MB
Initial GC threshold: 21.00 MB
Current GC threshold: 35.12 MB
CDS: on
 - commit_granule_bytes: 65536.
 - commit_granule_words: 8192.
 - virtual_space_node_default_size: 8388608.
 - enlarge_chunks_in_place: 1.
 - use_allocation_guard: 0.


Internal statistics:

num_allocs_failed_limit: 3.
num_arena_births: 544.
num_arena_deaths: 2.
num_vsnodes_births: 2.
num_vsnodes_deaths: 0.
num_space_committed: 412.
num_space_uncommitted: 0.
num_chunks_returned_to_freelist: 6.
num_chunks_taken_from_freelist: 1168.
num_chunk_merges: 0.
num_chunk_splits: 715.
num_chunks_enlarged: 432.
num_inconsistent_stats: 0.

CodeHeap 'non-profiled nmethods': size=120000Kb used=1179Kb max_used=1179Kb free=118820Kb
 bounds [0x00000204d71c0000, 0x00000204d7430000, 0x00000204de6f0000]
CodeHeap 'profiled nmethods': size=120000Kb used=5576Kb max_used=5576Kb free=114423Kb
 bounds [0x00000204cf6f0000, 0x00000204cfc70000, 0x00000204d6c20000]
CodeHeap 'non-nmethods': size=5760Kb used=1443Kb max_used=1483Kb free=4316Kb
 bounds [0x00000204d6c20000, 0x00000204d6e90000, 0x00000204d71c0000]
CodeCache: size=245760Kb, used=8198Kb, max_used=8238Kb, free=237559Kb
 total_blobs=3597, nmethods=3003, adapters=498, full_count=0
Compilation: enabled, stopped_count=0, restarted_count=0

Compilation events (20 events):
Event: 25.418 Thread 0x000002049b093950 2998   !   3       java.util.AbstractList$RandomAccessSpliterator::get (17 bytes)
Event: 25.418 Thread 0x000002049b093950 nmethod 2998 0x00000204cfc5a210 code [0x00000204cfc5a3e0, 0x00000204cfc5a630]
Event: 25.418 Thread 0x000002049b093950 2999       3       java.util.AbstractList$RandomAccessSpliterator::checkAbstractListModCount (21 bytes)
Event: 25.418 Thread 0x000002049b093950 nmethod 2999 0x00000204cfc5a790 code [0x00000204cfc5a940, 0x00000204cfc5ab10]
Event: 25.418 Thread 0x000002049b093950 2997       3       java.util.concurrent.ThreadPoolExecutor$Worker::unlock (7 bytes)
Event: 25.419 Thread 0x000002049b093950 nmethod 2997 0x00000204cfc5ac10 code [0x00000204cfc5ade0, 0x00000204cfc5b050]
Event: 25.945 Thread 0x000002049b093950 3000       3       sun.nio.ch.SelectorImpl::selectedKeys (9 bytes)
Event: 26.432 Thread 0x000002049b093950 nmethod 3000 0x00000204cfc5b190 code [0x00000204cfc5b360, 0x00000204cfc5b690]
Event: 26.433 Thread 0x000002049b093950 3001       3       java.util.concurrent.CompletableFuture$UniRelay::tryFire (61 bytes)
Event: 26.436 Thread 0x000002049b093950 nmethod 3001 0x00000204cfc5b810 code [0x00000204cfc5bac0, 0x00000204cfc5c810]
Event: 26.437 Thread 0x000002049b093950 3002       3       jdk.internal.misc.Unsafe::checkOffset (32 bytes)
Event: 26.438 Thread 0x000002049b093950 nmethod 3002 0x00000204cfc5cc90 code [0x00000204cfc5ce40, 0x00000204cfc5d0b0]
Event: 26.481 Thread 0x000002049b093950 3003       3       java.util.HashMap::forEach (112 bytes)
Event: 26.482 Thread 0x000002049b093950 nmethod 3003 0x00000204cfc5d190 code [0x00000204cfc5d3a0, 0x00000204cfc5d940]
Event: 26.482 Thread 0x000002049b093950 3004       3       java.util.concurrent.SynchronousQueue::offer (20 bytes)
Event: 26.483 Thread 0x000002049b093950 nmethod 3004 0x00000204cfc5db90 code [0x00000204cfc5dd60, 0x00000204cfc5e060]
Event: 26.483 Thread 0x000002049b093950 3005   !   3       jdk.internal.net.http.HttpClientImpl$SelectorManager::register (80 bytes)
Event: 26.485 Thread 0x000002049b093950 nmethod 3005 0x00000204cfc5e190 code [0x00000204cfc5e420, 0x00000204cfc5f020]
Event: 26.485 Thread 0x000002049b093950 3006       3       java.util.concurrent.SynchronousQueue::poll (41 bytes)
Event: 28.454 Thread 0x000002049b093950 nmethod 3006 0x00000204cfc5f490 code [0x00000204cfc5f6a0, 0x00000204cfc5fc18]

GC Heap History (8 events):
Event: 0.771 GC heap before
{Heap before GC invocations=0 (full 0):
 garbage-first heap   total 258048K, used 22528K [0x0000000080000000, 0x0000000100000000)
  region size 1024K, 23 young (23552K), 0 survivors (0K)
 Metaspace       used 8577K, committed 8768K, reserved 491520K
  class space    used 824K, committed 896K, reserved 425984K
}
Event: 0.776 GC heap after
{Heap after GC invocations=1 (full 0):
 garbage-first heap   total 258048K, used 4762K [0x0000000080000000, 0x0000000100000000)
  region size 1024K, 3 young (3072K), 3 survivors (3072K)
 Metaspace       used 8577K, committed 8768K, reserved 491520K
  class space    used 824K, committed 896K, reserved 425984K
}
Event: 1.421 GC heap before
{Heap before GC invocations=1 (full 0):
 garbage-first heap   total 258048K, used 35482K [0x0000000080000000, 0x0000000100000000)
  region size 1024K, 34 young (34816K), 3 survivors (3072K)
 Metaspace       used 16044K, committed 16384K, reserved 491520K
  class space    used 1708K, committed 1856K, reserved 425984K
}
Event: 1.427 GC heap after
{Heap after GC invocations=2 (full 0):
 garbage-first heap   total 258048K, used 6542K [0x0000000080000000, 0x0000000100000000)
  region size 1024K, 3 young (3072K), 3 survivors (3072K)
 Metaspace       used 16044K, committed 16384K, reserved 491520K
  class space    used 1708K, committed 1856K, reserved 425984K
}
Event: 1.910 GC heap before
{Heap before GC invocations=2 (full 0):
 garbage-first heap   total 258048K, used 19854K [0x0000000080000000, 0x0000000100000000)
  region size 1024K, 17 young (17408K), 3 survivors (3072K)
 Metaspace       used 21106K, committed 21504K, reserved 491520K
  class space    used 2291K, committed 2496K, reserved 425984K
}
Event: 1.913 GC heap after
{Heap after GC invocations=3 (full 0):
 garbage-first heap   total 258048K, used 8549K [0x0000000080000000, 0x0000000100000000)
  region size 1024K, 4 young (4096K), 4 survivors (4096K)
 Metaspace       used 21106K, committed 21504K, reserved 491520K
  class space    used 2291K, committed 2496K, reserved 425984K
}
Event: 17.530 GC heap before
{Heap before GC invocations=4 (full 0):
 garbage-first heap   total 30720K, used 29029K [0x0000000080000000, 0x0000000100000000)
  region size 1024K, 25 young (25600K), 4 survivors (4096K)
 Metaspace       used 25051K, committed 25408K, reserved 491520K
  class space    used 2830K, committed 3008K, reserved 425984K
}
Event: 17.547 GC heap after
{Heap after GC invocations=5 (full 0):
 garbage-first heap   total 36864K, used 10426K [0x0000000080000000, 0x0000000100000000)
  region size 1024K, 6 young (6144K), 6 survivors (6144K)
 Metaspace       used 25051K, committed 25408K, reserved 491520K
  class space    used 2830K, committed 3008K, reserved 425984K
}

Dll operation events (13 events):
Event: 0.015 Loaded shared library C:\Users\User\.jdks\ms-21.0.9\bin\java.dll
Event: 0.017 Loaded shared library C:\Users\User\.jdks\ms-21.0.9\bin\zip.dll
Event: 0.047 Loaded shared library C:\Users\User\.jdks\ms-21.0.9\bin\jsvml.dll
Event: 0.103 Loaded shared library C:\Users\User\.jdks\ms-21.0.9\bin\instrument.dll
Event: 0.157 Loaded shared library C:\Users\User\.jdks\ms-21.0.9\bin\net.dll
Event: 0.158 Loaded shared library C:\Users\User\.jdks\ms-21.0.9\bin\nio.dll
Event: 0.173 Loaded shared library C:\Users\User\.jdks\ms-21.0.9\bin\zip.dll
Event: 0.195 Loaded shared library C:\Users\User\.jdks\ms-21.0.9\bin\extnet.dll
Event: 0.256 Loaded shared library C:\Users\User\.jdks\ms-21.0.9\bin\verify.dll
Event: 0.269 Loaded shared library C:\Users\User\.jdks\ms-21.0.9\bin\jimage.dll
Event: 1.887 Loaded shared library C:\Users\User\.jdks\ms-21.0.9\bin\sunmscapi.dll
Event: 17.680 Loaded shared library C:\Users\User\.jdks\ms-21.0.9\bin\management.dll
Event: 17.686 Loaded shared library C:\Users\User\.jdks\ms-21.0.9\bin\management_ext.dll

Deoptimization events (20 events):
Event: 2.365 Thread 0x00000204c4aa0170 DEOPT PACKING pc=0x00000204d726fb64 sp=0x0000004e7a0fc2e0
Event: 2.365 Thread 0x00000204c4aa0170 DEOPT UNPACKING pc=0x00000204d6c74422 sp=0x0000004e7a0fc250 mode 2
Event: 8.787 Thread 0x00000204c4aa0170 Uncommon trap: trap_request=0xffffff45 fr.pc=0x00000204d729bbcc relative=0x0000000000001f6c
Event: 8.787 Thread 0x00000204c4aa0170 Uncommon trap: reason=unstable_if action=reinterpret pc=0x00000204d729bbcc method=jdk.internal.loader.URLClassPath$FileLoader.getResource(Ljava/lang/String;Z)Ljdk/internal/loader/Resource; @ 128 c2
Event: 8.787 Thread 0x00000204c4aa0170 DEOPT PACKING pc=0x00000204d729bbcc sp=0x0000004e7a0fdac0
Event: 8.787 Thread 0x00000204c4aa0170 DEOPT UNPACKING pc=0x00000204d6c74422 sp=0x0000004e7a0fda48 mode 2
Event: 17.506 Thread 0x00000204c4aa0170 Uncommon trap: trap_request=0xffffff45 fr.pc=0x00000204d72243c8 relative=0x0000000000000088
Event: 17.506 Thread 0x00000204c4aa0170 Uncommon trap: reason=unstable_if action=reinterpret pc=0x00000204d72243c8 method=sun.net.www.ParseUtil.firstEncodeIndex(Ljava/lang/String;)I @ 51 c2
Event: 17.506 Thread 0x00000204c4aa0170 DEOPT PACKING pc=0x00000204d72243c8 sp=0x0000004e7a0fd7d0
Event: 17.506 Thread 0x00000204c4aa0170 DEOPT UNPACKING pc=0x00000204d6c74422 sp=0x0000004e7a0fd758 mode 2
Event: 17.795 Thread 0x00000204c4aa0170 Uncommon trap: trap_request=0xffffff45 fr.pc=0x00000204d726ca00 relative=0x00000000000000c0
Event: 17.795 Thread 0x00000204c4aa0170 Uncommon trap: reason=unstable_if action=reinterpret pc=0x00000204d726ca00 method=jdk.internal.misc.Unsafe.convEndian(ZI)I @ 4 c2
Event: 17.795 Thread 0x00000204c4aa0170 DEOPT PACKING pc=0x00000204d726ca00 sp=0x0000004e7a0fdcd0
Event: 17.795 Thread 0x00000204c4aa0170 DEOPT UNPACKING pc=0x00000204d6c74422 sp=0x0000004e7a0fdb68 mode 2
Event: 17.795 Thread 0x00000204c4aa0170 Uncommon trap: trap_request=0xffffff45 fr.pc=0x00000204d726c3ac relative=0x000000000000008c
Event: 17.795 Thread 0x00000204c4aa0170 Uncommon trap: reason=unstable_if action=reinterpret pc=0x00000204d726c3ac method=jdk.internal.misc.Unsafe.convEndian(ZI)I @ 4 c2
Event: 17.795 Thread 0x00000204c4aa0170 DEOPT PACKING pc=0x00000204d726c3ac sp=0x0000004e7a0fdc30
Event: 17.795 Thread 0x00000204c4aa0170 DEOPT UNPACKING pc=0x00000204d6c74422 sp=0x0000004e7a0fdb60 mode 2
Event: 25.387 Thread 0x00000204c4aa0170 DEOPT PACKING pc=0x00000204cfb76711 sp=0x0000004e7a0fcbc0
Event: 25.387 Thread 0x00000204c4aa0170 DEOPT UNPACKING pc=0x00000204d6c74bc2 sp=0x0000004e7a0fc0e8 mode 0

Classes loaded (20 events):
Event: 17.819 Loading class io/qameta/allure/model/TestResult
Event: 17.819 Loading class io/qameta/allure/model/TestResult done
Event: 17.822 Loading class io/qameta/allure/testng/AllureTestNg
Event: 17.822 Loading class io/qameta/allure/testng/AllureTestNg done
Event: 17.822 Loading class org/testng/ITestClass
Event: 17.822 Loading class org/testng/ITestClass done
Event: 17.822 Loading class io/qameta/allure/model/TestResultContainer
Event: 17.822 Loading class io/qameta/allure/model/TestResultContainer done
Event: 17.823 Loading class io/qameta/allure/model/TestResultContainer
Event: 17.823 Loading class io/qameta/allure/model/TestResultContainer done
Event: 17.823 Loading class io/qameta/allure/model/TestResultContainer
Event: 17.823 Loading class io/qameta/allure/model/TestResultContainer done
Event: 17.824 Loading class io/qameta/allure/model/TestResultContainer
Event: 17.824 Loading class io/qameta/allure/model/TestResultContainer done
Event: 17.827 Loading class org/openqa/selenium/support/ui/ExpectedCondition
Event: 17.827 Loading class org/openqa/selenium/support/ui/ExpectedCondition done
Event: 17.827 Loading class org/openqa/selenium/WebDriver
Event: 17.827 Loading class org/openqa/selenium/WebDriver done
Event: 17.827 Loading class org/openqa/selenium/WebDriver
Event: 17.827 Loading class org/openqa/selenium/WebDriver done

Classes unloaded (1 events):
Event: 1.916 Thread 0x00000204e36009b0 Unloading class 0x0000020481003c00 'java/lang/invoke/LambdaForm$DMH+0x0000020481003c00'

Classes redefined (1 events):
Event: 0.135 Thread 0x00000204e36009b0 redefined class name=java.lang.Throwable, count=1

Internal exceptions (20 events):
Event: 2.371 Thread 0x00000204e3625050 Exception <a 'java/lang/NoSuchMethodError'{0x00000000813ddca0}: 'java.lang.Object java.lang.invoke.DirectMethodHandle$Holder.invokeSpecial(java.lang.Object, java.lang.Object, java.lang.Object, java.lang.Object, int)'> (0x00000000813ddca0) 
thrown [s\src\hotspot\share\interpreter\linkResolver.cpp, line 773]
Event: 2.371 Thread 0x00000204e3625050 Exception <a 'java/lang/NoSuchMethodError'{0x00000000813e1668}: 'java.lang.Object java.lang.invoke.Invokers$Holder.linkToTargetMethod(java.lang.Object, java.lang.Object, int, java.lang.Object)'> (0x00000000813e1668) 
thrown [s\src\hotspot\share\interpreter\linkResolver.cpp, line 773]
Event: 2.381 Thread 0x00000204e3625050 Exception <a 'java/lang/NoSuchMethodError'{0x0000000081256c88}: 'void java.lang.invoke.DirectMethodHandle$Holder.invokeSpecial(java.lang.Object, java.lang.Object, java.lang.Object, java.lang.Object, java.lang.Object)'> (0x0000000081256c88) 
thrown [s\src\hotspot\share\interpreter\linkResolver.cpp, line 773]
Event: 3.460 Thread 0x00000204e3625050 Exception <a 'java/lang/NoSuchMethodError'{0x00000000810140c8}: 'java.lang.Object java.lang.invoke.DirectMethodHandle$Holder.newInvokeSpecial(java.lang.Object, java.lang.Object, long, java.lang.Object, java.lang.Object, java.lang.Object)'> (0x00000000810140c8) 
thrown [s\src\hotspot\share\interpreter\linkResolver.cpp, line 773]
Event: 3.470 Thread 0x00000204e3625050 Exception <a 'java/lang/NoSuchMethodError'{0x000000008102ce50}: 'void java.lang.invoke.DirectMethodHandle$Holder.invokeSpecial(java.lang.Object, java.lang.Object, java.lang.Object, java.lang.Object, java.lang.Object, java.lang.Object, java.lang.Object)'> (0x000000008102ce50) 
thrown [s\src\hotspot\share\interpreter\linkResolver.cpp, line 773]
Event: 3.502 Thread 0x00000204c4aa0170 Exception <a 'java/lang/NoSuchMethodError'{0x000000008134cfd8}: 'java.lang.Object java.lang.invoke.DirectMethodHandle$Holder.invokeSpecialIFC(java.lang.Object, java.lang.Object, java.lang.Object)'> (0x000000008134cfd8) 
thrown [s\src\hotspot\share\interpreter\linkResolver.cpp, line 773]
Event: 3.809 Thread 0x00000204c4aa0170 Exception <a 'java/lang/ClassNotFoundException'{0x0000000080bf4f90}: sun/util/logging/resources/spi/loggingProvider> (0x0000000080bf4f90) 
thrown [s\src\hotspot\share\classfile\systemDictionary.cpp, line 312]
Event: 17.445 Thread 0x00000204c4aa0170 Exception <a 'sun/nio/fs/WindowsException'{0x00000000806fafc8}> (0x00000000806fafc8) 
thrown [s\src\hotspot\share\prims\jni.cpp, line 520]
Event: 17.464 Thread 0x00000204c4aa0170 Exception <a 'java/lang/IncompatibleClassChangeError'{0x000000008054bbd0}: Found class java.lang.Object, but interface was expected> (0x000000008054bbd0) 
thrown [s\src\hotspot\share\interpreter\linkResolver.cpp, line 840]
Event: 17.465 Thread 0x00000204c4aa0170 Exception <a 'java/lang/IncompatibleClassChangeError'{0x000000008054e798}: Found class java.lang.Object, but interface was expected> (0x000000008054e798) 
thrown [s\src\hotspot\share\interpreter\linkResolver.cpp, line 840]
Event: 17.466 Thread 0x00000204c4aa0170 Exception <a 'java/lang/IncompatibleClassChangeError'{0x00000000805510e0}: Found class java.lang.Object, but interface was expected> (0x00000000805510e0) 
thrown [s\src\hotspot\share\interpreter\linkResolver.cpp, line 840]
Event: 17.467 Thread 0x00000204c4aa0170 Exception <a 'java/lang/IncompatibleClassChangeError'{0x0000000080553a58}: Found class java.lang.Object, but interface was expected> (0x0000000080553a58) 
thrown [s\src\hotspot\share\interpreter\linkResolver.cpp, line 840]
Event: 17.505 Thread 0x00000204c4aa0170 Exception <a 'java/lang/NoSuchMethodError'{0x00000000805b1580}: 'int java.lang.invoke.DirectMethodHandle$Holder.invokeStatic(java.lang.Object, java.lang.Object, java.lang.Object, java.lang.Object, java.lang.Object)'> (0x00000000805b1580) 
thrown [s\src\hotspot\share\interpreter\linkResolver.cpp, line 773]
Event: 17.585 Thread 0x00000204c4aa0170 Exception <a 'java/lang/NoSuchMethodError'{0x000000008fb4e700}: 'void java.lang.invoke.DirectMethodHandle$Holder.invokeInterface(java.lang.Object, java.lang.Object)'> (0x000000008fb4e700) 
thrown [s\src\hotspot\share\interpreter\linkResolver.cpp, line 773]
Event: 17.817 Thread 0x00000204c4aa0170 Exception <a 'java/lang/IncompatibleClassChangeError'{0x000000008eca69b8}: Found class java.lang.Object, but interface was expected> (0x000000008eca69b8) 
thrown [s\src\hotspot\share\interpreter\linkResolver.cpp, line 840]
Event: 17.818 Thread 0x00000204c4aa0170 Exception <a 'java/lang/IncompatibleClassChangeError'{0x000000008eca9590}: Found class java.lang.Object, but interface was expected> (0x000000008eca9590) 
thrown [s\src\hotspot\share\interpreter\linkResolver.cpp, line 840]
Event: 17.819 Thread 0x00000204c4aa0170 Exception <a 'java/lang/IncompatibleClassChangeError'{0x000000008ecac140}: Found class java.lang.Object, but interface was expected> (0x000000008ecac140) 
thrown [s\src\hotspot\share\interpreter\linkResolver.cpp, line 840]
Event: 17.820 Thread 0x00000204c4aa0170 Exception <a 'java/lang/IncompatibleClassChangeError'{0x000000008ecaed18}: Found class java.lang.Object, but interface was expected> (0x000000008ecaed18) 
thrown [s\src\hotspot\share\interpreter\linkResolver.cpp, line 840]
Event: 17.823 Thread 0x00000204c4aa0170 Exception <a 'java/lang/IncompatibleClassChangeError'{0x000000008ecba8c8}: Found class java.lang.Object, but interface was expected> (0x000000008ecba8c8) 
thrown [s\src\hotspot\share\interpreter\linkResolver.cpp, line 840]
Event: 17.824 Thread 0x00000204c4aa0170 Exception <a 'java/lang/IncompatibleClassChangeError'{0x000000008ecbd510}: Found class java.lang.Object, but interface was expected> (0x000000008ecbd510) 
thrown [s\src\hotspot\share\interpreter\linkResolver.cpp, line 840]

ZGC Phase Switch (0 events):
No events

VM Operations (20 events):
Event: 12.494 Executing VM operation: Cleanup done
Event: 15.509 Executing VM operation: Cleanup
Event: 15.509 Executing VM operation: Cleanup done
Event: 16.521 Executing VM operation: Cleanup
Event: 16.521 Executing VM operation: Cleanup done
Event: 17.446 Executing VM operation: HandshakeAllThreads (Deoptimize)
Event: 17.447 Executing VM operation: HandshakeAllThreads (Deoptimize) done
Event: 17.529 Executing VM operation: G1CollectForAllocation (G1 Evacuation Pause)
Event: 17.547 Executing VM operation: G1CollectForAllocation (G1 Evacuation Pause) done
Event: 18.553 Executing VM operation: Cleanup
Event: 18.553 Executing VM operation: Cleanup done
Event: 20.564 Executing VM operation: Cleanup
Event: 20.565 Executing VM operation: Cleanup done
Event: 22.572 Executing VM operation: Cleanup
Event: 22.573 Executing VM operation: Cleanup done
Event: 24.586 Executing VM operation: Cleanup
Event: 24.586 Executing VM operation: Cleanup done
Event: 25.599 Executing VM operation: Cleanup
Event: 25.599 Executing VM operation: Cleanup done
Event: 26.606 Executing VM operation: Cleanup

Memory protections (0 events):
No events

Nmethod flushes (0 events):
No events

Events (20 events):
Event: 1.784 Thread 0x000002049b093950 Thread added: 0x00000204a01a39d0
Event: 1.923 Thread 0x00000204c4aa0170 Thread added: 0x000002049b948830
Event: 2.187 Thread 0x00000204c4aa0170 Thread added: 0x000002049b948ec0
Event: 2.189 Thread 0x00000204a01a39d0 Thread exited: 0x00000204a01a39d0
Event: 2.190 Thread 0x00000204c4aa0170 Thread added: 0x000002049b949550
Event: 2.191 Thread 0x00000204c4aa0170 Thread added: 0x000002049b949be0
Event: 2.194 Thread 0x000002049b949550 Thread added: 0x000002049b94a270
Event: 2.312 Thread 0x000002049b94a270 Thread added: 0x00000204e36249c0
Event: 2.365 Thread 0x00000204c4aa0170 Thread added: 0x00000204e3625050
Event: 2.387 Thread 0x000002049b948830 Thread added: 0x00000204a18e1480
Event: 2.387 Thread 0x000002049b948830 Thread added: 0x00000204a18e00d0
Event: 2.388 Thread 0x000002049b093950 Thread added: 0x00000204a01a2560
Event: 3.434 Thread 0x00000204a01a2560 Thread exited: 0x00000204a01a2560
Event: 3.610 Thread 0x00000204c4aa0170 Thread added: 0x00000204a18ded20
Event: 3.614 Thread 0x00000204c4aa0170 Thread added: 0x00000204a18e0df0
Event: 3.620 Thread 0x00000204a18ded20 Thread added: 0x00000204a18dfa40
Event: 3.620 Thread 0x00000204a18ded20 Thread added: 0x00000204a18e0760
Event: 3.787 Thread 0x000002049b093950 Thread added: 0x00000204a01a39d0
Event: 7.380 Thread 0x00000204a01a39d0 Thread exited: 0x00000204a01a39d0
Event: 12.321 Thread 0x00000204e36249c0 Thread exited: 0x00000204e36249c0


Dynamic libraries:
0x00007ff7c6790000 - 0x00007ff7c679e000 	C:\Users\User\.jdks\ms-21.0.9\bin\java.exe
0x00007ffa720a0000 - 0x00007ffa72307000 	C:\windows\SYSTEM32\ntdll.dll
0x00007ffa71c10000 - 0x00007ffa71cd9000 	C:\windows\System32\KERNEL32.DLL
0x00007ffa6fa30000 - 0x00007ffa6fe24000 	C:\windows\System32\KERNELBASE.dll
0x00007ffa6f450000 - 0x00007ffa6f59b000 	C:\windows\System32\ucrtbase.dll
0x00007ffa63e80000 - 0x00007ffa63e9e000 	C:\Users\User\.jdks\ms-21.0.9\bin\VCRUNTIME140.dll
0x00007ffa63ed0000 - 0x00007ffa63ee8000 	C:\Users\User\.jdks\ms-21.0.9\bin\jli.dll
0x00007ffa6fe40000 - 0x00007ffa70005000 	C:\windows\System32\USER32.dll
0x00007ffa6f7e0000 - 0x00007ffa6f807000 	C:\windows\System32\win32u.dll
0x00007ffa71770000 - 0x00007ffa7179b000 	C:\windows\System32\GDI32.dll
0x00007ffa562c0000 - 0x00007ffa56553000 	C:\windows\WinSxS\amd64_microsoft.windows.common-controls_6595b64144ccf1df_6.0.26100.8115_none_3e075c82e3354f9c\COMCTL32.dll
0x00007ffa6f320000 - 0x00007ffa6f44b000 	C:\windows\System32\gdi32full.dll
0x00007ffa71420000 - 0x00007ffa714c9000 	C:\windows\System32\msvcrt.dll
0x00007ffa6f270000 - 0x00007ffa6f313000 	C:\windows\System32\msvcp_win.dll
0x00007ffa70a20000 - 0x00007ffa70a52000 	C:\windows\System32\IMM32.DLL
0x00007ffa63e60000 - 0x00007ffa63e6c000 	C:\Users\User\.jdks\ms-21.0.9\bin\vcruntime140_1.dll
0x00007ffa4eeb0000 - 0x00007ffa4ef39000 	C:\Users\User\.jdks\ms-21.0.9\bin\msvcp140.dll
0x00007ff9d3680000 - 0x00007ff9d442d000 	C:\Users\User\.jdks\ms-21.0.9\bin\server\jvm.dll
0x00007ffa71970000 - 0x00007ffa71a26000 	C:\windows\System32\ADVAPI32.dll
0x00007ffa71a30000 - 0x00007ffa71ad7000 	C:\windows\System32\sechost.dll
0x00007ffa71f40000 - 0x00007ffa72058000 	C:\windows\System32\RPCRT4.dll
0x00007ffa717a0000 - 0x00007ffa71820000 	C:\windows\System32\WS2_32.dll
0x00007ffa6e7f0000 - 0x00007ffa6e84e000 	C:\windows\SYSTEM32\POWRPROF.dll
0x00007ffa64700000 - 0x00007ffa6470b000 	C:\windows\SYSTEM32\VERSION.dll
0x00007ffa69700000 - 0x00007ffa69736000 	C:\windows\SYSTEM32\WINMM.dll
0x00007ffa6e7d0000 - 0x00007ffa6e7e4000 	C:\windows\SYSTEM32\UMPDC.dll
0x00007ffa6d700000 - 0x00007ffa6d71b000 	C:\windows\SYSTEM32\kernel.appcore.dll
0x00007ffa63e50000 - 0x00007ffa63e5a000 	C:\Users\User\.jdks\ms-21.0.9\bin\jimage.dll
0x00007ffa6ca30000 - 0x00007ffa6cc72000 	C:\windows\SYSTEM32\DBGHELP.DLL
0x00007ffa70690000 - 0x00007ffa70a12000 	C:\windows\System32\combase.dll
0x00007ffa71b30000 - 0x00007ffa71c08000 	C:\windows\System32\OLEAUT32.dll
0x00007ffa696c0000 - 0x00007ffa696fb000 	C:\windows\SYSTEM32\dbgcore.DLL
0x00007ffa6f810000 - 0x00007ffa6f8b5000 	C:\windows\System32\bcryptPrimitives.dll
0x00007ffa63e40000 - 0x00007ffa63e50000 	C:\Users\User\.jdks\ms-21.0.9\bin\instrument.dll
0x00007ffa60b60000 - 0x00007ffa60b81000 	C:\Users\User\.jdks\ms-21.0.9\bin\java.dll
0x00007ffa63da0000 - 0x00007ffa63db8000 	C:\Users\User\.jdks\ms-21.0.9\bin\zip.dll
0x00007ffa70a60000 - 0x00007ffa711c7000 	C:\windows\System32\SHELL32.dll
0x00007ffa6f8c0000 - 0x00007ffa6fa2a000 	C:\windows\System32\wintypes.dll
0x00007ffa6e970000 - 0x00007ffa6f1d8000 	C:\windows\System32\windows.storage.dll
0x00007ffa71670000 - 0x00007ffa71768000 	C:\windows\System32\SHCORE.dll
0x00007ffa711d0000 - 0x00007ffa71236000 	C:\windows\System32\shlwapi.dll
0x00007ffa6e890000 - 0x00007ffa6e8b9000 	C:\windows\SYSTEM32\profapi.dll
0x00007ffa491f0000 - 0x00007ffa492c6000 	C:\Users\User\.jdks\ms-21.0.9\bin\jsvml.dll
0x00007ffa63d60000 - 0x00007ffa63d71000 	C:\Users\User\.jdks\ms-21.0.9\bin\net.dll
0x00007ffa653e0000 - 0x00007ffa6550d000 	C:\windows\SYSTEM32\WINHTTP.dll
0x00007ffa6dc70000 - 0x00007ffa6dcdc000 	C:\windows\system32\mswsock.dll
0x00007ffa60b40000 - 0x00007ffa60b56000 	C:\Users\User\.jdks\ms-21.0.9\bin\nio.dll
0x00007ffa60b30000 - 0x00007ffa60b39000 	C:\Users\User\.jdks\ms-21.0.9\bin\extnet.dll
0x00007ffa60ae0000 - 0x00007ffa60af0000 	C:\Users\User\.jdks\ms-21.0.9\bin\verify.dll
0x00007ffa6df60000 - 0x00007ffa6df7b000 	C:\windows\SYSTEM32\CRYPTSP.dll
0x00007ffa6d660000 - 0x00007ffa6d699000 	C:\windows\system32\rsaenh.dll
0x00007ffa6dd20000 - 0x00007ffa6dd53000 	C:\windows\SYSTEM32\USERENV.dll
0x00007ffa6e860000 - 0x00007ffa6e88a000 	C:\windows\SYSTEM32\bcrypt.dll
0x00007ffa6df50000 - 0x00007ffa6df5c000 	C:\windows\SYSTEM32\CRYPTBASE.dll
0x00007ffa6d0b0000 - 0x00007ffa6d0e2000 	C:\windows\SYSTEM32\IPHLPAPI.DLL
0x00007ffa71ce0000 - 0x00007ffa71cea000 	C:\windows\System32\NSI.dll
0x00007ffa6d150000 - 0x00007ffa6d282000 	C:\windows\SYSTEM32\DNSAPI.dll
0x00007ffa64760000 - 0x00007ffa6476b000 	C:\Windows\System32\rasadhlp.dll
0x00007ffa663b0000 - 0x00007ffa66436000 	C:\windows\System32\fwpuclnt.dll
0x00007ffa5ef50000 - 0x00007ffa5ef5e000 	C:\Users\User\.jdks\ms-21.0.9\bin\sunmscapi.dll
0x00007ffa6f5a0000 - 0x00007ffa6f717000 	C:\windows\System32\CRYPT32.dll
0x00007ffa6e170000 - 0x00007ffa6e1a0000 	C:\windows\SYSTEM32\ncrypt.dll
0x00007ffa6e120000 - 0x00007ffa6e15f000 	C:\windows\SYSTEM32\NTASN1.dll
0x00007ffa3ea60000 - 0x00007ffa3ea68000 	C:\windows\system32\wshunix.dll
0x00007ffa43b60000 - 0x00007ffa43b78000 	C:\windows\system32\napinsp.dll
0x00007ffa43b40000 - 0x00007ffa43b53000 	C:\windows\System32\winrnr.dll
0x00007ffa43b10000 - 0x00007ffa43b32000 	C:\windows\system32\nlansp_c.dll
0x00007ffa43af0000 - 0x00007ffa43b06000 	C:\windows\system32\wshbth.dll
0x00007ffa5ef40000 - 0x00007ffa5ef4a000 	C:\Users\User\.jdks\ms-21.0.9\bin\management.dll
0x00007ffa5ef30000 - 0x00007ffa5ef3c000 	C:\Users\User\.jdks\ms-21.0.9\bin\management_ext.dll
0x00007ffa70680000 - 0x00007ffa70688000 	C:\windows\System32\PSAPI.DLL

JVMTI agents:
C:\Users\User\AppData\Local\JetBrains\IdeaIC2025.2\captureAgent\debugger-agent.jar path:C:\Users\User\.jdks\ms-21.0.9\bin\instrument.dll, loaded, initialized, instrumentlib options:file:///C:/Users/User/AppData/Local/Temp/capture11544713106332687356.props
C:\Program Files\JetBrains\IntelliJ IDEA Community Edition 2025.2.6.1\lib\idea_rt.jar path:C:\Users\User\.jdks\ms-21.0.9\bin\instrument.dll, loaded, initialized, instrumentlib options:57258

dbghelp: loaded successfully - version: 4.0.5 - missing functions: none
symbol engine: initialized successfully - sym options: 0x614 - pdb path: .;C:\Users\User\.jdks\ms-21.0.9\bin;C:\windows\SYSTEM32;C:\windows\WinSxS\amd64_microsoft.windows.common-controls_6595b64144ccf1df_6.0.26100.8115_none_3e075c82e3354f9c;C:\Users\User\.jdks\ms-21.0.9\bin\server

VM Arguments:
jvm_args: -javaagent:C:\Users\User\AppData\Local\JetBrains\IdeaIC2025.2\captureAgent\debugger-agent.jar=file:///C:/Users/User/AppData/Local/Temp/capture11544713106332687356.props -ea -Dallure.results.directory=D:\MedChronUIAutomation\target/allure-results -Xmx2g -XX:MaxMetaspaceSize=512m -Didea.test.cyclic.buffer.size=1048576 -javaagent:C:\Program Files\JetBrains\IntelliJ IDEA Community Edition 2025.2.6.1\lib\idea_rt.jar=57258 -Dkotlinx.coroutines.debug.enable.creation.stack.trace=false -Ddebugger.agent.enable.coroutines=true -Dkotlinx.coroutines.debug.enable.flows.stack.trace=true -Dkotlinx.coroutines.debug.enable.mutable.state.flows.stack.trace=true -Dfile.encoding=UTF-8 -Dsun.stdout.encoding=UTF-8 -Dsun.stderr.encoding=UTF-8 
java_command: com.intellij.rt.testng.RemoteTestNGStarter -usedefaultlisteners false -socket57257 @w@C:\Users\User\AppData\Local\Temp\idea_working_dirs_testng6.tmp -temp C:\Users\User\AppData\Local\Temp\idea_testng7.tmp
java_class_path (initial): C:\Program Files\JetBrains\IntelliJ IDEA Community Edition 2025.2.6.1\lib\idea_rt.jar;C:\Program Files\JetBrains\IntelliJ IDEA Community Edition 2025.2.6.1\plugins\testng\lib\testng-rt.jar;D:\MedChronUIAutomation\target\test-classes;D:\MedChronUIAutomation\target\classes;C:\Users\User\.m2\repository\org\seleniumhq\selenium\selenium-java\4.25.0\selenium-java-4.25.0.jar;C:\Users\User\.m2\repository\org\seleniumhq\selenium\selenium-api\4.25.0\selenium-api-4.25.0.jar;C:\Users\User\.m2\repository\org\jspecify\jspecify\1.0.0\jspecify-1.0.0.jar;C:\Users\User\.m2\repository\org\seleniumhq\selenium\selenium-chrome-driver\4.25.0\selenium-chrome-driver-4.25.0.jar;C:\Users\User\.m2\repository\com\google\auto\service\auto-service-annotations\1.1.1\auto-service-annotations-1.1.1.jar;C:\Users\User\.m2\repository\org\seleniumhq\selenium\selenium-chromium-driver\4.25.0\selenium-chromium-driver-4.25.0.jar;C:\Users\User\.m2\repository\org\seleniumhq\selenium\selenium-json\4.25.0\selenium-json-4.25.0.jar;C:\Users\User\.m2\repository\org\seleniumhq\selenium\selenium-manager\4.25.0\selenium-manager-4.25.0.jar;C:\Users\User\.m2\repository\org\seleniumhq\selenium\selenium-devtools-v127\4.25.0\selenium-devtools-v127-4.25.0.jar;C:\Users\User\.m2\repository\org\seleniumhq\selenium\selenium-devtools-v128\4.25.0\selenium-devtools-v128-4.25.0.jar;C:\Users\User\.m2\repository\org\seleniumhq\selenium\selenium-devtools-v129\4.25.0\selenium-devtools-v129-4.25.0.jar;C:\Users\User\.m2\repository\org\seleniumhq\selenium\selenium-devtools-v85\4.25.0\selenium-devtools-v85-4.25.0.jar;C:\Users\User\.m2\repository\org\seleniumhq\selenium\selenium-edge-driver\4.25.0\selenium-edge-driver-4.25.0.jar;C:\Users\User\.m2\repository\org\seleniumhq\selenium\selenium-firefox-driver\4.25.0\selenium-firefox-driver-4.25.0.jar;C:\Users\User\.m2\repository\org\seleniumhq\selenium\selenium-http\4.25.0\selenium-http-4.25.0.jar;C:\Users\User\.m2\repository\dev\failsafe\failsafe\3.3.2\failsafe-3.3.2.jar;C:\Users\User\.m2\repository\org\seleniumhq\selenium\selenium-ie-driver\4.25.0\selenium-ie-driver-4.25.0.jar;C:\Users\User\.m2\repository\org\seleniumhq\selenium\selenium-remote-driver\4.25.0\selenium-remote-driver-4.25.0.jar;C:\Users\User\.m2\repository\com\google\guava\guava\33.3.0-jre\guava-33.3.0-jre.jar;C:\Users\User\.m2\repository\com\google\guava\failureaccess\1.0.2\failureaccess-1.0.2.jar;C:\Users\User\.m2\repository\com\google\guava\listenablefuture\9999.0-empty-to-avoid-conflict-with-guava\listenablefuture-9999.0-empty-to-avoid-conflict-with-guava.jar;C:\Users\User\.m2\repository\com\google\code\findbugs\jsr305\3.0.2\jsr305-3.0.2.jar;C:\Users\User\.m2\repository\org\checkerframework\checker-qual\3.43.0\checker-qual-3.43.0.jar;C:\Users\User\.m2\repository\com\google\j2objc\j2objc-annotations\3.0.0\j2objc-annotations-3.0.0.jar;C:\Users\User\.m2\repository\io\opentelemetry\semconv\opentelemetry-semconv\1.25.0-alpha\opentelemetry-semconv-1.25.0-alpha.jar;C:\Users\User\.m2\repository\io\opentelemetry\opentelemetry-api\1.42.1\opentelemetry-api-1.42.1.jar;C:\Users\User\.m2\repository\io\opentelemetry\opentelemetry-context\1.42.1\opentelemetry-context-1.42.1.jar;C:\Users\User\.m2\repository\io\opentelemetry\opentelemetry-exporter-logging\1.42.1\opentelemetry-exporter-logging-1.42.1.jar;C:\Users\User\.m2\repository\io\opentelemetry\opentelemetry-sdk-common\1.42.1\opentelemetry-sdk-common-1.42.1.jar;C:\Users\User\.m2\repository\io\opentelemetry\opentelemetry-sdk-extension-autoconfigure-spi\1.42.1\opentelemetry-sdk-extension-autoconfigure-spi-1.42.1.jar;C:\Users\User\.m2\repository\io\opentelemetry\opentelemetry-sdk-extension-autoconfigure\1.42.1\opentelemetry-sdk-extension-autoconfigure-1.42.1.jar;C:\Users\User\.m2\repository\io\opentelemetry\opentelemetry-api-incubator\1.42.1-alpha\opentelemetry-api-incubator-1.42.1-alpha.jar;C:\Users\User\.m2\repository\io\opentelemetry\opentelemetry-sdk-trace\1.42.1\opentelemetry-sdk-trace-1.42.1.jar;C:\Users\User\.m2\repository\io\opentelemetry\opentelemetry-sdk\1.42.1\opentelemetry-sdk-1.42.1.jar;C:\Users\User\.m2\repository\io\opentelemetry\opentelemetry-sdk-metrics\1.42.1\opentelemetry-sdk-metrics-1.42.1.jar;C:\Users\User\.m2\repository\io\opentelemetry\opentelemetry-sdk-logs\1.42.1\opentelemetry-sdk-logs-1.42.1.jar;C:\Users\User\.m2\repository\net\bytebuddy\byte-buddy\1.15.1\byte-buddy-1.15.1.jar;C:\Users\User\.m2\repository\org\seleniumhq\selenium\selenium-os\4.25.0\selenium-os-4.25.0.jar;C:\Users\User\.m2\repository\org\apache\commons\commons-exec\1.4.0\commons-exec-1.4.0.jar;C:\Users\User\.m2\repository\org\seleniumhq\selenium\selenium-safari-driver\4.25.0\selenium-safari-driver-4.25.0.jar;C:\Users\User\.m2\repository\org\seleniumhq\selenium\selenium-support\4.25.0\selenium-support-4.25.0.jar;C:\Users\User\.m2\repository\org\testng\testng\7.10.2\testng-7.10.2.jar;C:\Users\User\.m2\repository\org\slf4j\slf4j-api\1.7.36\slf4j-api-1.7.36.jar;C:\Users\User\.m2\repository\com\beust\jcommander\1.82\jcommander-1.82.jar;C:\Users\User\.m2\repository\org\webjars\jquery\3.7.1\jquery-3.7.1.jar;C:\Users\User\.m2\repository\io\qameta\allure\allure-testng\2.27.0\allure-testng-2.27.0.jar;C:\Users\User\.m2\repository\io\qameta\allure\allure-java-commons\2.27.0\allure-java-commons-2.27.0.jar;C:\Users\User\.m2\repository\io\qameta\allure\allure-model\2.27.0\allure-model-2.27.0.jar;C:\Users\User\.m2\repository\io\qameta\allure\allure-test-filter\2.27.0\allure-test-filter-2.27.0.jar;C:\Users\User\.m2\repository\io\github\bonigarcia\webdrivermanager\5.9.2\webdrivermanager-5.9.2.jar;C:\Users\User\.m2\repository\com\google\code\gson\gson\2.11.0\gson-2.11.0.jar;C:\Users\User\.m2\repository\com\google\errorprone\error_prone_annotations\2.27.0\error_prone_annotations-2.27.0.jar;C:\Users\User\.m2\repository\com\github\docker-java\docker-java\3.4.0\docker-java-3.4.0.jar;C:\Users\User\.m2\repository\com\github\docker-java\docker-java-core\3.4.0\docker-java-core-3.4.0.jar;C:\Users\User\.m2\repository\com\github\docker-java\docker-java-api\3.4.0\docker-java-api-3.4.0.jar;C:\Users\User\.m2\repository\com\fasterxml\jackson\core\jackson-annotations\2.10.3\jackson-annotations-2.10.3.jar;C:\Users\User\.m2\repository\com\fasterxml\jackson\core\jackson-databind\2.10.3\jackson-databind-2.10.3.jar;C:\Users\User\.m2\repository\com\fasterxml\jackson\core\jackson-core\2.10.3\jackson-core-2.10.3.jar;C:\Users\User\.m2\repository\org\slf4j\jcl-over-slf4j\1.7.30\jcl-over-slf4j-1.7.30.jar;C:\Users\User\.m2\repository\com\github\docker-java\docker-java-transport-httpclient5\3.4.0\docker-java-transport-httpclient5-3.4.0.jar;C:\Users\User\.m2\repository\com\github\docker-java\docker-java-transport\3.4.0\docker-java-transport-3.4.0.jar;C:\Users\User\.m2\repository\net\java\dev\jna\jna\5.13.0\jna-5.13.0.jar;C:\Users\User\.m2\repository\org\brotli\dec\0.1.2\dec-0.1.2.jar;C:\Users\User\.m2\repository\org\apache\commons\commons-lang3\3.15.0\commons-lang3-3.15.0.jar;C:\Users\User\.m2\repository\org\apache\commons\commons-compress\1.26.2\commons-compress-1.26.2.jar;C:\Users\User\.m2\repository\commons-codec\commons-codec\1.17.0\commons-codec-1.17.0.jar;C:\Users\User\.m2\repository\commons-io\commons-io\2.16.1\commons-io-2.16.1.jar;C:\Users\User\.m2\repository\org\apache\httpcomponents\client5\httpclient5\5.2.1\httpclient5-5.2.1.jar;C:\Users\User\.m2\repository\org\apache\httpcomponents\core5\httpcore5\5.2\httpcore5-5.2.jar;C:\Users\User\.m2\repository\org\apache\httpcomponents\core5\httpcore5-h2\5.2\httpcore5-h2-5.2.jar
Launcher Type: SUN_STANDARD

[Global flags]
     intx CICompilerCount                          = 4                                         {product} {ergonomic}
   size_t CompressedClassSpaceSize                 = 436207616                                 {product} {ergonomic}
     uint ConcGCThreads                            = 3                                         {product} {ergonomic}
     uint G1ConcRefinementThreads                  = 10                                        {product} {ergonomic}
   size_t G1HeapRegionSize                         = 1048576                                   {product} {ergonomic}
    uintx GCDrainStackTargetSize                   = 64                                        {product} {ergonomic}
   size_t InitialHeapSize                          = 264241152                                 {product} {ergonomic}
   size_t MarkStackSize                            = 4194304                                   {product} {ergonomic}
   size_t MaxHeapSize                              = 2147483648                                {product} {command line}
   size_t MaxMetaspaceSize                         = 536870912                                 {product} {command line}
   size_t MaxNewSize                               = 1287651328                                {product} {ergonomic}
   size_t MinHeapDeltaBytes                        = 1048576                                   {product} {ergonomic}
   size_t MinHeapSize                              = 8388608                                   {product} {ergonomic}
    uintx NonNMethodCodeHeapSize                   = 5839372                                {pd product} {ergonomic}
    uintx NonProfiledCodeHeapSize                  = 122909434                              {pd product} {ergonomic}
    uintx ProfiledCodeHeapSize                     = 122909434                              {pd product} {ergonomic}
    uintx ReservedCodeCacheSize                    = 251658240                              {pd product} {ergonomic}
     bool SegmentedCodeCache                       = true                                      {product} {ergonomic}
   size_t SoftMaxHeapSize                          = 2147483648                             {manageable} {ergonomic}
     bool UseCompressedOops                        = true                           {product lp64_product} {ergonomic}
     bool UseG1GC                                  = true                                      {product} {ergonomic}
     bool UseLargePagesIndividualAllocation        = false                                  {pd product} {ergonomic}

Logging:
Log output configuration:
 #0: stdout all=warning uptime,level,tags foldmultilines=false
 #1: stderr all=off uptime,level,tags foldmultilines=false

Release file:
IMPLEMENTOR="Microsoft" 
IMPLEMENTOR_VERSION="Microsoft-12574459" 
JAVA_RUNTIME_VERSION="21.0.9+10-LTS" 
JAVA_VERSION="21.0.9" 
JAVA_VERSION_DATE="2025-10-21" 
LIBC="default" 
MODULES="java.base java.compiler java.datatransfer java.xml java.prefs java.desktop java.instrument java.logging java.management java.security.sasl java.naming java.rmi java.management.rmi java.net.http java.scripting java.security.jgss java.transaction.xa java.sql java.sql.rowset java.xml.crypto java.se java.smartcardio jdk.accessibility jdk.internal.jvmstat jdk.attach jdk.charsets jdk.internal.opt jdk.zipfs jdk.compiler jdk.crypto.ec jdk.crypto.cryptoki jdk.crypto.mscapi jdk.dynalink jdk.internal.ed jdk.editpad jdk.hotspot.agent jdk.httpserver jdk.incubator.vector jdk.internal.le jdk.internal.vm.ci jdk.internal.vm.compiler jdk.internal.vm.compiler.management jdk.jartool jdk.javadoc jdk.jcmd jdk.management jdk.management.agent jdk.jconsole jdk.jdeps jdk.jdwp.agent jdk.jdi jdk.jfr jdk.jlink jdk.jpackage jdk.jshell jdk.jsobject jdk.jstatd jdk.localedata jdk.management.jfr jdk.naming.dns jdk.naming.rmi jdk.net jdk.nio.mapmode jdk.random jdk.sctp jdk.security.auth jdk.security.jgss jdk.unsupported jdk.unsupported.desktop jdk.xml.dom" 
OS_ARCH="x86_64" 
OS_NAME="Windows" 
SOURCE=".:git:e0bc49609000" 

Environment Variables:
JAVA_HOME=C:\Users\User\.jdks\ms-17.0.17
PATH=C:\Python314\Scripts\;C:\Python314\;C:\windows\system32;C:\windows;C:\windows\System32\Wbem;C:\windows\System32\WindowsPowerShell\v1.0\;C:\windows\System32\OpenSSH\;C:\Program Files\dotnet\;C:\Program Files\WireGuard\;C:\Program Files\Git\cmd;C:\Program Files\allure-2.34.1\bin\allure.bat;C:\Users\User\.jdks\ms-17.0.17\bin;C:\Program Files\cursor\resources\app\bin;C:\Program Files\nodejs\;C:\ProgramData\chocolatey\bin;C:\Users\User\.local\bin;C:\Users\User\AppData\Local\Microsoft\WindowsApps;C:\Program Files\allure-2.34.1\bin;C:\Users\User\AppData\Roaming\npm;C:\dev\apache-maven-3.9.9\bin;C:\Users\User\.local\bin;
USERNAME=User
OS=Windows_NT
PROCESSOR_IDENTIFIER=Intel64 Family 6 Model 186 Stepping 3, GenuineIntel
TMP=C:\Users\User\AppData\Local\Temp
TEMP=C:\Users\User\AppData\Local\Temp




Periodic native trim disabled

---------------  S Y S T E M  ---------------

OS:
 Windows 11 , 64 bit Build 26100 (10.0.26100.8246)
OS uptime: 3 days 4:37 hours
Hyper-V role detected

CPU: total 12 (initial active 12) (6 cores per cpu, 2 threads per core) family 6 model 186 stepping 3 microcode 0x6134, cx8, cmov, fxsr, ht, mmx, 3dnowpref, sse, sse2, sse3, ssse3, sse4.1, sse4.2, popcnt, lzcnt, tsc, tscinvbit, avx, avx2, aes, erms, clmul, bmi1, bmi2, adx, sha, fma, vzeroupper, clflush, clflushopt, clwb, hv, serialize, rdtscp, rdpid, fsrm, f16c, cet_ibt, cet_ss
Processor Information for the first 12 processors :
  Max Mhz: 1400, Current Mhz: 1400, Mhz Limit: 1400

Memory: 4k page, system-wide physical 16068M (979M free)
TotalPageFile size 38211M (AvailPageFile size 5M)
current process WorkingSet (physical memory assigned to process): 140M, peak: 142M
current process commit charge ("private bytes"): 184M, peak: 395M

vm_info: OpenJDK 64-Bit Server VM (21.0.9+10-LTS) for windows-amd64 JRE (21.0.9+10-LTS), built on 2025-10-13T22:04:36Z by "MicrosoftCorporation" with unknown MS VC++:1944

END.
